// Jest Snapshot v1, https://goo.gl/fbAQLP

exports[`should render correctly 1`] = `
<div
  className="message"
>
  <span
    className="author green"
    title="Thu May 11 2017"
  >
    testuser
    :
  </span>
  <span
    className="content"
  >
    test message
  </span>
</div>
`;
