// Jest Snapshot v1, https://goo.gl/fbAQLP

exports[`should render correctly 1`] = `
<div
  className="sc-bdVaJa eNFPzl"
>
  <span
    className="sc-bwzfXH fVnEOv"
    title="Thu May 11 2017"
  >
    testuser
    :
  </span>
  <span>
    test message
  </span>
</div>
`;
