// Jest Snapshot v1, https://goo.gl/fbAQLP

exports[`should render correctly 1`] = `
<div
  className="box"
>
  <div
    className="header"
  >
    <i
      className="icon chat"
    />
    <div
      className="title"
    >
      Chat with your buddies
    </div>
  </div>
  <div
    className="sc-htpNat bfPJqp"
    id="chatbox"
  >
    <div
      className="sc-bdVaJa eNFPzl"
    >
      <span
        className="sc-bwzfXH BCqOY"
        title="Tue Apr 11 2017"
      >
        otheruser
        :
      </span>
      <span>
        text 1
      </span>
    </div>
    <div
      className="sc-bdVaJa eNFPzl"
    >
      <span
        className="sc-bwzfXH BCqOY"
        title="Thu May 11 2017"
      >
        otheruser
        :
      </span>
      <span>
        text 2
      </span>
    </div>
    <div
      className="sc-bdVaJa eNFPzl"
    >
      <span
        className="sc-bwzfXH BCqOY"
        title="Sun Jun 11 2017"
      >
        otheruser
        :
      </span>
      <span>
        text 3
      </span>
    </div>
  </div>
  <div
    className="send"
  >
    <form
      onSubmit={[Function]}
    >
      <input
        name="message"
        onChange={[Function]}
        placeholder="Send a message"
        type="text"
        value=""
      />
      <button
        className="button green chat"
        type="submit"
      >
        <i
          className="icon message"
        />
         Chat
      </button>
    </form>
  </div>
</div>
`;
